// Jest Snapshot v1, https://goo.gl/fbAQLP

exports[`Calculator component Test Calculator render correctly 1`] = `
<main
  className="container"
>
  <h2>
    Prove it with some math!
  </h2>
  <div
    className="calculator-container"
  >
    <div
      className="output"
      data-testid="displayOutput"
    >
      0
    </div>
    <div
      className="buttons-container"
    >
      <div
        className="graybg grayBtn"
      >
        <button
          onClick={[Function]}
          type="button"
        >
          AC
        </button>
        <button
          onClick={[Function]}
          type="button"
        >
          +/-
        </button>
        <button
          onClick={[Function]}
          type="button"
        >
          %
        </button>
        <button
          onClick={[Function]}
          type="button"
        >
          7
        </button>
        <button
          onClick={[Function]}
          type="button"
        >
          8
        </button>
        <button
          onClick={[Function]}
          type="button"
        >
          9
        </button>
        <button
          onClick={[Function]}
          type="button"
        >
          4
        </button>
        <button
          onClick={[Function]}
          type="button"
        >
          5
        </button>
        <button
          onClick={[Function]}
          type="button"
        >
          6
        </button>
        <button
          onClick={[Function]}
          type="button"
        >
          1
        </button>
        <button
          onClick={[Function]}
          type="button"
        >
          2
        </button>
        <button
          onClick={[Function]}
          type="button"
        >
          3
        </button>
        <button
          className="span-two"
          onClick={[Function]}
          type="button"
        >
          0
        </button>
        <button
          onClick={[Function]}
          type="button"
        >
          .
        </button>
      </div>
      <div
        className="orangebg orangeBtn"
      >
        <button
          onClick={[Function]}
          type="button"
        >
          รท
        </button>
        <button
          onClick={[Function]}
          type="button"
        >
          x
        </button>
        <button
          onClick={[Function]}
          type="button"
        >
          -
        </button>
        <button
          onClick={[Function]}
          type="button"
        >
          +
        </button>
        <button
          onClick={[Function]}
          type="button"
        >
          =
        </button>
      </div>
    </div>
  </div>
</main>
`;
